[2025-09-25 04:49:01] Info Log path updated to: /home/miniyo88/Documents/GithubWS/SiemensS7-Bootloader/src/S7_Csharp_Utility/bin/Debug/net8.0/Resources/logs
[2025-09-25 04:57:36] Info No running socat instances detected.
[2025-09-25 04:59:53] Info Hashing S7_JOB.S7S...
[2025-09-25 04:59:53] Info Hashing 6ES7212-1AE40-0XB0_V04.02.01.zip...
[2025-09-25 05:00:04] Info Comparison complete. Results shown in dialog.
[2025-09-25 05:00:20] Info Starting optimized comparison of files:
[2025-09-25 05:00:20] Info   File 1: /home/miniyo88/Desktop/1_mem_dump_01e01040_02620f58.bin
[2025-09-25 05:00:20] Info   File 2: /home/miniyo88/Desktop/qodo_new_implement/SiemensS7-Bootloader/src/S7_Csharp_Utility/bin/Debug/net8.0/Resources/dumps/mem_dump_01e01040_02620f58.bin
[2025-09-25 05:00:48] Info Connecting to Modbus host localhost:502...
[2025-09-25 05:00:48] Error Error connecting to Modbus host: Connection refused
[2025-09-25 05:00:48] Error Error connecting to Modbus: System.Net.Sockets.SocketException (111): Connection refused
   at System.Net.Sockets.Socket.AwaitableSocketAsyncEventArgs.ThrowException(SocketError error, CancellationToken cancellationToken)
   at System.Net.Sockets.Socket.AwaitableSocketAsyncEventArgs.System.Threading.Tasks.Sources.IValueTaskSource.GetResult(Int16 token)
   at System.Net.Sockets.TcpClient.CompleteConnectAsync(ValueTask task)
   at S7_Csharp_Utility.Services.PowerController.ConnectAsync(String host, Int32 port, CancellationToken cancellationToken) in /home/miniyo88/Documents/GithubWS/SiemensS7-Bootloader/src/S7_Csharp_Utility/Services/PowerController.cs:line 36
   at S7_Csharp_Utility.ViewModels.ModbusPowerSupplyViewModel.<ConnectModbusAsync>b__45_0() in /home/miniyo88/Documents/GithubWS/SiemensS7-Bootloader/src/S7_Csharp_Utility/ViewModels/ModbusPowerSupplyViewModel.cs:line 164
[2025-09-25 05:00:55] Error Error starting socat: System.ArgumentException: Serial port is required
   at S7_Csharp_Utility.Services.SocatService.Start(String serialPort, Int32 tcpPort, Boolean verbose, Boolean hexDump, Int32 blockSize) in /home/miniyo88/Documents/GithubWS/SiemensS7-Bootloader/src/S7_Csharp_Utility/Services/SocatService.cs:line 119
   at S7_Csharp_Utility.ViewModels.PlcConnectionViewModel.<StartSocatAsync>b__98_0() in /home/miniyo88/Documents/GithubWS/SiemensS7-Bootloader/src/S7_Csharp_Utility/ViewModels/PlcConnectionViewModel.cs:line 331
   at System.Threading.ExecutionContext.RunFromThreadPoolDispatchLoop(Thread threadPoolThread, ExecutionContext executionContext, ContextCallback callback, Object state)
--- End of stack trace from previous location ---
   at System.Threading.ExecutionContext.RunFromThreadPoolDispatchLoop(Thread threadPoolThread, ExecutionContext executionContext, ContextCallback callback, Object state)
   at System.Threading.Tasks.Task.ExecuteWithThreadLocal(Task& currentTaskSlot, Thread threadPoolThread)
--- End of stack trace from previous location ---
   at S7_Csharp_Utility.ViewModels.PlcConnectionViewModel.StartSocatAsync() in /home/miniyo88/Documents/GithubWS/SiemensS7-Bootloader/src/S7_Csharp_Utility/ViewModels/PlcConnectionViewModel.cs:line 331
[2025-09-25 05:01:01] Info [SOCAT] Attempting to kill socat PIDs: 
[2025-09-25 05:01:01] Info [SOCAT] All socat processes terminated.
[2025-09-25 05:01:01] Info [SOCAT] Attempting to kill socat PIDs: 
[2025-09-25 05:01:01] Info [SOCAT] All socat processes terminated.
